 ◆ DHI  1 Workspace › 2 Editor › 3 Settings                                                         








                                     ██████╗ ██╗  ██╗██╗
                                     ██╔══██╗██║  ██║██║
                                     ██║  ██║███████║██║
                                     ██║  ██║██╔══██║██║
                                     ██████╔╝██║  ██║██║
                                     ╚═════╝ ╚═╝  ╚═╝╚═╝
                                     
                                     the agentic workspace IDE
                                     v0.1.0  •  foundation
                                     
                                     not inside a DHI workspace
 NORMAL  Workspace                                          1-5 views • tab next • ? help • ^c quit 
