 ◆ DHI  1 Workspace › 2 Editor › 3 Settings                                                         
                                                                                                    
                                                                                                    
                                                                                                    
                                                                                                    
                            ╔══════════════════════════════════════════╗                            
                            ║                                          ║                            
                            ║  DHI — global keys                       ║                            
                            ║                                          ║                            
                            ║    1-3               jump between views  ║                            
                            ║    tab / shift+tab   cycle views         ║                            
                            ║    ?                 toggle this help    ║                            
                            ║    ctrl+c            quit DHI            ║                            
                            ║                                          ║                            
                            ║  Workspace — here                        ║                            
                            ║                                          ║                            
                            ║    [ / ]             switch sections     ║                            
                            ║    j / k             move the cursor     ║                            
                            ║    h/l               lane                ║                            
                            ║    n                 new                 ║                            
                            ║    s/S               status              ║                            
                            ║    m                 move                ║                            
                            ║    o                 thread              ║                            
                            ║                                          ║                            
                            ╚══════════════════════════════════════════╝                            
                                                                                                    
                                                                                                    
                                                                                                    
                                                                                                    
                                                                                                    
