 ◆ DHI  1 Workspace › 2 Editor › 3 Settings                                                         









                            ╔══════════════════════════════════════════╗
                            ║                                          ║
                            ║  DHI — global keys                       ║
                            ║                                          ║
                            ║    1-5               jump between views  ║
                            ║    tab / shift+tab   cycle views         ║
                            ║    ?                 toggle this help    ║
                            ║    ctrl+c            quit DHI            ║
                            ║                                          ║
                            ╚══════════════════════════════════════════╝
 NORMAL  Workspace                                          1-5 views • tab next • ? help • ^c quit 
