 ◆ DHI  1 Workspace › 2 Editor › 3 Settings                                                         







                          ██████╗ ██╗  ██╗██╗
                          ██╔══██╗██║  ██║██║
                          ██║  ██║███████║██║
                          ██║  ██║██╔══██║██║
                          ██████╔╝██║  ██║██║
                          ╚═════╝ ╚═╝  ╚═╝╚═╝
                          
                          the agentic workspace IDE
                          v0.1.0
                          
                          This folder is not a DHI workspace yet.
                          
                          press ctrl+p → Run setup wizard
                          to make it one, or start dhi inside a workspace







 Workspace › board                        1-3  views • tab  next • ^p  palette • ?  help • ^c  quit 
