 ◆ DHI  1 Workspace › 2 Editor › 3 Settings                                                         
╭─ › Editor ──────────────────────────────────────────────────────────────────────────────────────╮
│ Editor                                                                                           │
│                                                                                                  │
│ Files · buffers · terminal · git · chat.                                                         │
│                                                                                                  │
│                                                                                                  │
│                                                                                                  │
│                                                                                                  │
│                                                                                                  │
│                                                                                                  │
│                                                                                                  │
│                                                                                                  │
│                                                                                                  │
│                                                                                                  │
│                                                                                                  │
│                                                                                                  │
│                                                                                                  │
│                                                                                                  │
│                                                                                                  │
│                                                                                                  │
│                                                                                                  │
│                                                                                                  │
│                                                                                                  │
│                                                                                                  │
│                                                                                                  │
│ PLANNED  lands in M2                                                                             │
│                                                                                                  │
╰──────────────────────────────────────────────────────────────────────────────────────────────────╯
 NORMAL  Editor                                             1-5 views • tab next • ? help • ^c quit 
