 ◆ DHI  1 Workspace › 2 Editor › 3 Settings                                                         

╭─ › Editor ────────────────────────────────────────────────────────────────────────────────────╮
│                                                                                                │
│   PLANNED lands in M2                                                                          │
│                                                                                                │
│   Files · buffers · terminal · git · chat.                                                     │
│                                                                                                │
│                                                                                                │
│                                                                                                │
│                                                                                                │
│                                                                                                │
│                                                                                                │
│                                                                                                │
│                                                                                                │
│                                                                                                │
│                                                                                                │
│                                                                                                │
│                                                                                                │
│                                                                                                │
│                                                                                                │
│                                                                                                │
│                                                                                                │
│                                                                                                │
│                                                                                                │
╰────────────────────────────────────────────────────────────────────────────────────────────────╯
 NORMAL  Editor                                             1-5 views • tab next • ? help • ^c quit 
