 ◆ DHI  1 Home › 2 Editor › 3 Market                                                                









╔═════════════════════════════════════════╗
║                                         ║
║  DHI — global keys                      ║
║                                         ║
║    1-9               jump to workspace  ║
║    tab / shift+tab   cycle workspaces   ║
║    ?                 toggle this help   ║
║    ctrl+c            quit DHI           ║
║                                         ║
╚═════════════════════════════════════════╝
 NORMAL  Market                                            1-9 switch • tab next • ? help • ^c quit 
