 ◆ DHI  1 Home › 2 Editor › 3 Market                                                                
 ██████╗ ██╗  ██╗██╗
 ██╔══██╗██║  ██║██║
 ██║  ██║███████║██║
 ██║  ██║██╔══██║██║
 ██████╔╝██║  ██║██║
 ╚═════╝ ╚═╝  ╚═╝╚═╝

  the agentic workspace IDE
  v0.1.0  •  M0 foundation

   › 1-9  jump between workspaces
   › tab  cycle workspaces
   › ?  toggle help
   › :  command palette — soon
 NORMAL  Home                                              1-9 switch • tab next • ? help • ^c quit 
