 ◆ DHI  1 Workspace › 2 Editor › 3 Settings                                                         








                                     ██████╗ ██╗  ██╗██╗
                                     ██╔══██╗██║  ██║██║
                                     ██║  ██║███████║██║
                                     ██║  ██║██╔══██║██║
                                     ██████╔╝██║  ██║██║
                                     ╚═════╝ ╚═╝  ╚═╝╚═╝
                                     
                                     the agentic workspace IDE
                                     v0.1.0  •  foundation
                                     
                                     not inside a DHI workspace
 Workspace › board                        1-3  views • tab  next • ^p  palette • ?  help • ^c  quit 
