 ◆ DHI  1 Workspace › 2 Editor › 3 Settings                                                         
╭─ › Editor ───────────────────────────────────────────────────────────────────────────────────────╮
│ Editor                                                                                           │
│                                                                                                  │
│ Files · buffers · terminal · git · chat.                                                         │
│                                                                                                  │
│                                                                                                  │
│                                                                                                  │
│                                                                                                  │
│                                                                                                  │
│                                                                                                  │
│                                                                                                  │
│                                                                                                  │
│                                                                                                  │
│                                                                                                  │
│                                                                                                  │
│                                                                                                  │
│                                                                                                  │
│                                                                                                  │
│                                                                                                  │
│                                                                                                  │
│                                                                                                  │
│                                                                                                  │
│                                                                                                  │
│                                                                                                  │
│                                                                                                  │
│ PLANNED  lands in M2                                                                             │
│                                                                                                  │
╰──────────────────────────────────────────────────────────────────────────────────────────────────╯
 Editor                                   1-3  views • tab  next • ^p  palette • ?  help • ^c  quit 
