 backlog  3         active  1          in-review  0       done  1             
fix-login          auth-flow           —                 scaffold             
spike-cache                                                                   
docs                                                                          
                                                                              
                                                                              
