╭─ › settings ───────────────────────────────────────────────────────────────────────────╮
│ CONFIG · AGENTS · [TEAMS] · PACKS · STANDARDS · AUTOPILOTS                             │
│                                                                                        │
│ n new · e edit · x delete                                                              │
│ ▌ platform        lead: scout       1 members                                          │
│                                                                                        │
│                                                                                        │
│                                                                                        │
│                                                                                        │
│                                                                                        │
│                                                                                        │
│                                                                                        │
│                                                                                        │
│                                                                                        │
│                                                                                        │
│                                                                                        │
│                                                                                        │
│                                                                                        │
│                                                                                        │
│                                                                                        │
│                                                                                        │
│                                                                                        │
│                                                                                        │
│                                                                                        │
│ ←/→ change · [ ] sections · ctrl+s write                                               │
╰────────────────────────────────────────────────────────────────────────────────────────╯
