╭─ › settings ───────────────────────────────────────────────────────────────────────────╮
│ CONFIG · [AGENTS]                                                                      │
│                                                                                        │
│ n new · e edit · a archive/restore · x delete                                          │
│ ▌ scout       m-1           claude    2 tools                                          │
│   muse        archived                                                                 │
│                                                                                        │
│                                                                                        │
│                                                                                        │
│                                                                                        │
│                                                                                        │
│                                                                                        │
│                                                                                        │
│                                                                                        │
│                                                                                        │
│                                                                                        │
│                                                                                        │
│                                                                                        │
│                                                                                        │
│                                                                                        │
│                                                                                        │
│                                                                                        │
│                                                                                        │
│                                                                                        │
│ ←/→ change · [ ] sections · ctrl+s write                                               │
╰────────────────────────────────────────────────────────────────────────────────────────╯
