  CONFIG        ╭─ › packs ──────────────────────────────────────────────────────────────╮
  AGENTS        │ (no packs installed — "i" to install from a path or git URL)           │
  LIBRARY       │                                                                        │
  TEAMS         │                                                                        │
▌ PACKS         │                                                                        │
  STANDARDS     │                                                                        │
  AUTOPILOTS    │                                                                        │
                │                                                                        │
                │                                                                        │
                │                                                                        │
                │                                                                        │
                │                                                                        │
                │                                                                        │
                │                                                                        │
                │                                                                        │
                │                                                                        │
                │                                                                        │
                │                                                                        │
                │                                                                        │
                │                                                                        │
                │                                                                        │
                │                                                                        │
                │                                                                        │
                │                                                                        │
                │ i install • x uninstall • [ ] sections • ctrl+s write                  │
                ╰────────────────────────────────────────────────────────────────────────╯
