╭─ › settings ───────────────────────────────────────────────────────────────────────────╮
│ CONFIG · AGENTS · TEAMS · PACKS · STANDARDS · [AUTOPILOTS]                             │
│                                                                                        │
│ n new · e arm/pause · r run now · x remove · o last run                                │
│   name                agent       schedule                    next-due        last-res │
│ ▌ Sweep               scout       daily 09:00                 09:00           -        │
│                                                                                        │
│                                                                                        │
│                                                                                        │
│                                                                                        │
│                                                                                        │
│                                                                                        │
│                                                                                        │
│                                                                                        │
│                                                                                        │
│                                                                                        │
│                                                                                        │
│                                                                                        │
│                                                                                        │
│                                                                                        │
│                                                                                        │
│                                                                                        │
│                                                                                        │
│                                                                                        │
│ ←/→ change · [ ] sections · ctrl+s write                                               │
╰────────────────────────────────────────────────────────────────────────────────────────╯
