  CONFIG        ╭─ › autopilots ─────────────────────────────────────────────────────────╮
  AGENTS        │   name                agent       schedule                    next-due │
  LIBRARY       │ ▌ Sweep               scout       daily 09:00                 09:00    │
  TEAMS         │                                                                        │
  PACKS         │                                                                        │
  STANDARDS     │                                                                        │
▌ AUTOPILOTS    │                                                                        │
                │                                                                        │
                │                                                                        │
                │                                                                        │
                │                                                                        │
                │                                                                        │
                │                                                                        │
                │                                                                        │
                │                                                                        │
                │                                                                        │
                │                                                                        │
                │                                                                        │
                │                                                                        │
                │                                                                        │
                │                                                                        │
                │                                                                        │
                │                                                                        │
                │                                                                        │
                │ n new • e arm/pause • r run now • x remove • [ ] sections • ctrl+s wr… │
                ╰────────────────────────────────────────────────────────────────────────╯
