  CONFIG        ╭─ › agents ─────────────────────────────────────────────────────────────╮
▌ AGENTS        │ ▌ scout       m-1           claude    2 tools                          │
  LIBRARY       │   muse        archived                                                 │
  TEAMS         │                                                                        │
  PACKS         │                                                                        │
  STANDARDS     │                                                                        │
  WORKFLOWS     │                                                                        │
  AUTOPILOTS    │                                                                        │
                │                                                                        │
                │                                                                        │
                │                                                                        │
                │                                                                        │
                │                                                                        │
                │                                                                        │
                │                                                                        │
                │                                                                        │
                │                                                                        │
                │                                                                        │
                │                                                                        │
                │                                                                        │
                │                                                                        │
                │                                                                        │
                │                                                                        │
                │                                                                        │
                │ n new • e edit • a archive • x delete • v profile • [ ] sections • ct… │
                ╰────────────────────────────────────────────────────────────────────────╯
