  CONFIG        ╭─ › standards ──────────────────────────────────────────────────────────╮
  AGENTS        │ ▌ workspace       1 rules                                              │
  TEAMS         │   scout           0 rules -                                            │
  PACKS         │                                                                        │
▌ STANDARDS     │                                                                        │
  AUTOPILOTS    │                                                                        │
                │                                                                        │
                │                                                                        │
                │                                                                        │
                │                                                                        │
                │                                                                        │
                │                                                                        │
                │                                                                        │
                │                                                                        │
                │                                                                        │
                │                                                                        │
                │                                                                        │
                │                                                                        │
                │                                                                        │
                │                                                                        │
                │                                                                        │
                │                                                                        │
                │                                                                        │
                │                                                                        │
                │ w workspace • t team • g agent • v preview • [ ] sections • ctrl+s wr… │
                ╰────────────────────────────────────────────────────────────────────────╯
