╭─ › settings ───────────────────────────────────────────────────────────────────────────╮
│ CONFIG · AGENTS · TEAMS · PACKS · [STANDARDS] · AUTOPILOTS                             │
│                                                                                        │
│ w workspace · t team · g agent · v preview                                             │
│ ▌ workspace       1 rules                                                              │
│   scout           0 rules -                                                            │
│                                                                                        │
│                                                                                        │
│                                                                                        │
│                                                                                        │
│                                                                                        │
│                                                                                        │
│                                                                                        │
│                                                                                        │
│                                                                                        │
│                                                                                        │
│                                                                                        │
│                                                                                        │
│                                                                                        │
│                                                                                        │
│                                                                                        │
│                                                                                        │
│                                                                                        │
│                                                                                        │
│ ←/→ change · [ ] sections · ctrl+s write                                               │
╰────────────────────────────────────────────────────────────────────────────────────────╯
