╭─ › files ─────────────────────╮ ╭─ › alpha/src/main.go ────────────────────────────────────────╮
│   alpha/                       ││                                                               │
│     src/                       ││                                                               │
│       util/                    ││                                                               │
│ ▌     main.go                  ││                                                               │
│     app.go                     ││                                                               │
│   beta/ ▸                      ││                                                               │
│                                ││                                                               │
│                                ││                                                               │
│                                ││                                                               │
│                                ││                                                               │
│                                ││                                                               │
│                                ││                                                               │
│                                ││            alpha/src/main.go                                  │
│                                ││                                                               │
│                                ││            modal editing lands in the next M2 chunk           │
│                                ││                                                               │
│                                ││                                                               │
│                                ││                                                               │
│                                ││                                                               │
│                                ││                                                               │
│                                ││                                                               │
│                                ││                                                               │
│                                ││                                                               │
│                                ││                                                               │
│                                ││                                                               │
│                                ││                                                               │
│                                ││                                                               │
│                                ││                                                               │
╰────────────────────────────────╯╰───────────────────────────────────────────────────────────────╯
