╭─ › files ────────────────╮╭─ › app.go   NORMAL  ─────────────────────────────────────────────────╮
│   ▾ alpha/  master     ● ││  app.go                                                              │
│   ├ ▸ src/             ● ││ 1▎package main// touched                                             │
│ ▌ └ ◦ app.go           M ││ 2                                                                    │
│   ▸ beta/                ││                                                                      │
│                          ││ "alpha/app.go" written                                               │
│                          ││                                                                      │
│                          ││                                                                      │
│                          ││                                                                      │
│                          ││                                                                      │
│                          ││                                                                      │
│                          ││                                                                      │
│                          ││                                                                      │
│                          ││                                                                      │
│                          ││                                                                      │
│                          ││                                                                      │
│                          ││                                                                      │
│                          ││                                                                      │
│ ⏎ open · / find          ││                                                                      │
╰──────────────────────────╯╰──────────────────────────────────────────────────────────────────────╯
╭─ › git  alpha  master   ─────────────────────────────────────────────────────────────────────────╮
│  status  log                                                                                     │
│ a7d5cab initial  t                                                                               │
│                                                                                                  │
│                                                                                                  │
│                                                                                                  │
│                                                                                                  │
│                                                                                                  │
│ s stage • S all • u unstage • c commit • tab status/log • esc blur                               │
╰──────────────────────────────────────────────────────────────────────────────────────────────────╯
