╭─ › files ─────────────────────╮ ╭─ › preview — beta/README.md ─────────────────────────────────╮
│   alpha/ ▸                     ││ [README.md]                                                   │
│   beta/                        ││                                                               │
│ ▌   README.md                  ││    DHI Guide                                                  │
│                                ││                                                               │
│                                ││   [✓] shipped                                                 │
│                                ││   • plain bold text                                           │
│                                ││                                                               │
│                                ││                                                               │
│                                ││                                                               │
│                                ││                                                               │
│                                ││                                                               │
│                                ││                                                               │
│                                ││                                                               │
│                                ││                                                               │
│                                ││                                                               │
│                                ││                                                               │
│                                ││                                                               │
│                                ││                                                               │
│                                ││                                                               │
│                                ││                                                               │
│                                ││                                                               │
│                                ││                                                               │
│                                ││                                                               │
│                                ││                                                               │
│                                ││                                                               │
│                                ││                                                               │
│                                ││                                                               │
│ ⏎ open · / find · s search     ││                                                               │
╰────────────────────────────────╯╰───────────────────────────────────────────────────────────────╯
