╭─ › files ─────────────────────╮ ╭─ › editor ───────────────────────────────────────────────────╮
│ ▌ alpha/ ▸                     ││                                                               │
│   beta/ ▸                      ││                                                               │
│                                ││                                                               │
│                                ││                                                               │
│                                ││                                                               │
│                                ││                                                               │
│                                ││                                                               │
│                                ││                                                               │
│                                ││                                                               │
│                                ││                                                               │
│                                ││                                                               │
│                                ││                                                               │
│                                ││                                                               │
│                                ││             (buffers arrive with modal editor — M2)           │
│                                ││                                                               │
│                                ││                                                               │
│                                ││                                                               │
│                                ││                                                               │
│                                ││                                                               │
│                                ││                                                               │
│                                ││                                                               │
│                                ││                                                               │
│                                ││                                                               │
│                                ││                                                               │
│                                ││                                                               │
│                                ││                                                               │
│                                ││                                                               │
│                                ││                                                               │
╰────────────────────────────────╯╰───────────────────────────────────────────────────────────────╯
