╭─ › files ─────────────────────╮ ╭─ › editor ───────────────────────────────────────────────────╮
│ ▌ alpha/ ▸                     ││                                                               │
│   beta/ ▸                      ││                                                               │
│                                ││                                                               │
│ / find · s search · ⏎ open     ││                                                               │
│                                ││                                                               │
│                                ││                                                               │
│                                ││                                                               │
│                                ││                                                               │
│                                ││                                                               │
│                                ││                                                               │
│                                ││                                                               │
│                                ││                                                               │
│                                ││                                                               │
│                                ││                (select a file to begin editing)               │
│                                ││                                                               │
│                                ││                                                               │
│                                ││                                                               │
│                                ││                                                               │
│                                ││                                                               │
│                                ││                                                               │
│                                ││                                                               │
│                                ││                                                               │
│                                ││                                                               │
│                                ││                                                               │
│                                ││                                                               │
│                                ││                                                               │
│                                ││                                                               │
│                                ││                                                               │
╰────────────────────────────────╯╰───────────────────────────────────────────────────────────────╯
