╭─ › files ─────────────────────╮ ╭─ › app.go  NORMAL ───────────────────────────────────────────╮
│   alpha/                       ││ [app.go]                                                      │
│     src/                       ││ 1 package main// touched                                      │
│ ▌   app.go                     ││ 2                                                             │
│   beta/ ▸                      ││                                                               │
│                                ││ "alpha/app.go" written                                        │
│                                ││                                                               │
│                                ││                                                               │
│                                ││                                                               │
│                                ││                                                               │
│                                ││                                                               │
│                                ││                                                               │
│                                ││                                                               │
│                                ││                                                               │
│                                ││                                                               │
│                                ││                                                               │
│                                ││                                                               │
│                                ││                                                               │
│ ⏎ open · / find · s search     ││                                                               │
╰────────────────────────────────╯╰───────────────────────────────────────────────────────────────╯
╭─ › git ●  alpha · master   ──────────────────────────────────╮
│ [status]                                                      │
│ staged                                                        │
│   (nothing staged)                                            │
│ unstaged                                                      │
│ ▌M app.go                                                     │
│  ? src/main.go                                                │
│  ? src/util/helper.go                                         │
│ s stage · S all · u unstage · c commit · tab status/log · esc │
╰───────────────────────────────────────────────────────────────╯
