





                    ╭─ › find file ───────────────────────────────────────────╮
                    │ > mn▌                                                    │
                    │                                                          │
                    │ ▌ alpha/src/main.go                                      │
                    │                                                          │
                    │                                                          │
                    │                                                          │
                    │                                                          │
                    │                                                          │
                    │                                                          │
                    │                                                          │
                    │                                                          │
                    │                                                          │
                    │                                                          │
                    │                                                          │
                    ╰──────────────────────────────────────────────────────────╯
                    
                    enter open · esc cancel · type to filter
