╭─ › files ─────────────────────╮ ╭─ › main.go  NORMAL ──────────────────────────────────────────╮
│   alpha/                       ││ [main.go]                                                     │
│     src/                       ││ 1 package main                                                │
│       util/                    ││ 2                                                             │
│ ▌     main.go                  ││                                                               │
│     app.go                     ││ i insert · : cmd · esc tree                                   │
│   beta/ ▸                      ││                                                               │
│                                ││                                                               │
│ / find · s search · ⏎ open     ││                                                               │
│                                ││                                                               │
│                                ││                                                               │
│                                ││                                                               │
│                                ││                                                               │
│                                ││                                                               │
│                                ││                                                               │
│                                ││                                                               │
│                                ││                                                               │
│                                ││                                                               │
│                                ││                                                               │
│                                ││                                                               │
│                                ││                                                               │
│                                ││                                                               │
│                                ││                                                               │
│                                ││                                                               │
│                                ││                                                               │
│                                ││                                                               │
│                                ││                                                               │
│                                ││                                                               │
│                                ││                                                               │
╰────────────────────────────────╯╰───────────────────────────────────────────────────────────────╯
