╭─ › files ─────────────────────╮ ╭─ › main.go ●  NORMAL ────────────────────────────────────────╮
│   alpha/                       ││ 1 package main  // entrypoint                                 │
│     src/                       ││ 2                                                             │
│       util/                    ││                                                               │
│ ▌     main.go                  ││ i insert · : cmd · esc tree                                   │
│     app.go                     ││                                                               │
│   beta/ ▸                      ││                                                               │
│                                ││                                                               │
│ / find · s search · ⏎ open     ││                                                               │
│                                ││                                                               │
│                                ││                                                               │
│                                ││                                                               │
│                                ││                                                               │
│                                ││                                                               │
│                                ││                                                               │
│                                ││                                                               │
│                                ││                                                               │
│                                ││                                                               │
│                                ││                                                               │
│                                ││                                                               │
│                                ││                                                               │
│                                ││                                                               │
│                                ││                                                               │
│                                ││                                                               │
│                                ││                                                               │
│                                ││                                                               │
│                                ││                                                               │
│                                ││                                                               │
│                                ││                                                               │
╰────────────────────────────────╯╰───────────────────────────────────────────────────────────────╯
