╭─ › files ─────────────────────╮ ╭─ › editor ───────────────────────────────────────────────────────────────────────╮ ╭─ › crew ──────────────────────────────────╮
│ ▌ alpha/ ▸                     ││                                                                                   ││ #general  [/] switch · ^f apply · esc blur │
│   beta/ ▸                      ││                                                                                   ││                                            │
│                                ││                                                                                   ││ (no messages yet — say hi or @mention an a │
│                                ││                                                                                   ││                                            │
│                                ││                                                                                   ││ ⏎ focus input to chat                      │
│                                ││                                                                                   ││                                            │
│                                ││                                                                                   ││                                            │
│                                ││                                                                                   ││                                            │
│                                ││                                                                                   ││                                            │
│                                ││                                                                                   ││                                            │
│                                ││                                                                                   ││                                            │
│                                ││                                                                                   ││                                            │
│                                ││                         no file open                                              ││                                            │
│                                ││                                                                                   ││                                            │
│                                ││                         ⏎ open  ·  / find file  ·  s search                       ││                                            │
│                                ││                                                                                   ││                                            │
│                                ││                                                                                   ││                                            │
│                                ││                                                                                   ││                                            │
│                                ││                                                                                   ││                                            │
│                                ││                                                                                   ││                                            │
│                                ││                                                                                   ││                                            │
│                                ││                                                                                   ││                                            │
│                                ││                                                                                   ││                                            │
│                                ││                                                                                   ││                                            │
│                                ││                                                                                   ││                                            │
│                                ││                                                                                   ││                                            │
│                                ││                                                                                   ││                                            │
│ ⏎ open · / find · s search     ││                                                                                   ││                                            │
╰────────────────────────────────╯╰───────────────────────────────────────────────────────────────────────────────────╯╰────────────────────────────────────────────╯
