  SESSIONS          ╭─ › artifacts ────────────────────────────────────────────────────────────────╮
▌ ARTIFACTS         │ ▌ design-log.md                                     ○ draft                  │
  PREVIEW           │       by mason                                                               │
  CHAT              │   design-sql.md                                     ○ draft                  │
                    │                                                                              │
                    │                                                                              │
                    │                                                                              │
                    │                                                                              │
                    │                                                                              │
                    │                                                                              │
                    │                                                                              │
                    │                                                                              │
                    │                                                                              │
                    │                                                                              │
                    │                                                                              │
                    │                                                                              │
                    │                                                                              │
                    │                                                                              │
                    │                                                                              │
                    │                                                                              │
                    │                                                                              │
                    │                                                                              │
                    │                                                                              │
                    │                                                                              │
                    │                                                                              │
                    │                                                                              │
                    │                                                                              │
                    │                                                                              │
                    │ ✓ session design-alternatives created  enter preview • s scan • v reviewed … │
[ ] sections        ╰──────────────────────────────────────────────────────────────────────────────╯
