  SESSIONS         1╭─ › canvas ───────────────────────────────────────────────────────────────────╮
  PARTICIPANTS      │ flows  canvas · live preview · e edit in editor                              │
▌ CANVAS           1│ ▌ flow.mmd                                              ○ draft              │
  TRANSCRIPT        │                                                                              │
                    │ Idea ──▶ Review                                                              │
                    │ Review ──▶ Done  (yes)                                                       │
                    │ Review ──▶ Idea  (no)                                                        │
                    │                                                                              │
                    │                                                                              │
                    │                                                                              │
                    │                                                                              │
                    │                                                                              │
                    │                                                                              │
                    │                                                                              │
                    │                                                                              │
                    │                                                                              │
                    │                                                                              │
                    │                                                                              │
                    │                                                                              │
                    │                                                                              │
                    │                                                                              │
                    │                                                                              │
                    │                                                                              │
                    │                                                                              │
                    │                                                                              │
                    │                                                                              │
                    │                                                                              │
                    │                                                                              │
                    │ ✓ session flows created  j/k select • J/K scroll • s scan • v/a/r review • … │
                    ╰──────────────────────────────────────────────────────────────────────────────╯
