  SESSIONS         1╭─ › canvas ───────────────────────────────────────────────────────────────────╮
  PARTICIPANTS      │ docs  canvas · live preview · e edit in editor                               │
▌ CANVAS           1│ ▌ plan.md                                           ○ draft                  │
  TRANSCRIPT        │                                                                              │
                    │                                                                              │
                    │    Ideation plan                                                             │
                    │                                                                              │
                    │   ## Goals                                                                   │
                    │                                                                              │
                    │   • alternatives                                                             │
                    │   • review loop                                                              │
                    │                                                                              │
                    │                                                                              │
                    │                                                                              │
                    │                                                                              │
                    │                                                                              │
                    │                                                                              │
                    │                                                                              │
                    │                                                                              │
                    │                                                                              │
                    │                                                                              │
                    │                                                                              │
                    │                                                                              │
                    │                                                                              │
                    │                                                                              │
                    │                                                                              │
                    │                                                                              │
                    │                                                                              │
                    │ ✓ session docs created  j/k select • J/K scroll • s scan • v/a/r review • e… │
[ ] sections        ╰──────────────────────────────────────────────────────────────────────────────╯
