▌ SESSIONS          ╭─ › sessions ─────────────────────────────────────────────────────────────────╮
  PARTICIPANTS      │                                                                              │
  CANVAS            │                                                                              │
  TRANSCRIPT        │                                                                              │
                    │                                                                              │
                    │                                                                              │
                    │                                                                              │
                    │                                      ◇                                       │
                    │                               No sessions yet                                │
                    │                                                                              │
                    │                  ╭─ › new session ────────────────────────╮                  │
                    │                  │ opens a channel and an artifact folder │                  │
                    │                  │ ▌ name    ▏                            │                  │
                    │                  │   topic                                │                  │
                    │                  │   agents  scout (comma-separated)      │                  │
                    │                  │   mode    < group >                    │                  │
                    │                  │                                        │                  │
                    │                  │ tab field · ←/→ mode · enter create    │                  │
                    │                  ╰────────────────────────────────────────╯                  │
                    │                                                                              │
                    │                                                                              │
                    │                                                                              │
                    │                                                                              │
                    │                                                                              │
                    │                                                                              │
                    │                                                                              │
                    │                                                                              │
                    │                                                                              │
                    │ n new • b breakout • enter open • a/x proposals • x remove                   │
                    ╰──────────────────────────────────────────────────────────────────────────────╯
