▌ SESSIONS          ╭─ › sessions ─────────────────────────────────────────────────────────────────╮
  ARTIFACTS         │ (none — press n to start one)                                                │
  PREVIEW           │                                                                              │
  CHAT              │                                                                              │
                    │                                                                              │
                    │                                                                              │
                    │                                                                              │
                    │                                                                              │
                    │                                                                              │
                    │                                                                              │
                    │                                                                              │
                               ╭─ › new session ───────────────────────────────────────╮            
                               │ opens a channel and an artifact folder                │            
                               │ ▌ name    ▏                                           │            
                               │   topic                                               │            
                               │   agents  scout (comma-separated)                     │            
                               │                                                       │            
                               │ agents are mentioned by id · tab field · enter create │            
                               ╰───────────────────────────────────────────────────────╯            
                    │                                                                              │
                    │                                                                              │
                    │                                                                              │
                    │                                                                              │
                    │                                                                              │
                    │                                                                              │
                    │                                                                              │
                    │                                                                              │
                    │                                                                              │
                    │ n new • enter open • x remove                                                │
[ ] sections        ╰──────────────────────────────────────────────────────────────────────────────╯
