▌ SESSIONS         ╭─ › sessions ────────────────────────────────────────────────────────────────╮ 
 ARTIFACTS         │ ideation sessions n new · enter open · x remove                              │
 PREVIEW           │ (none — press n to start one)                                                │
 CHAT              │                                                                              │
                   │                                                                              │
                   │                                                                              │
                   │                                                                              │
                   │                                                                              │
                   │                                                                              │
                   │                                                                              │
                   │                                                                              │
                             ╭─ › new session ──────────────────────────────────────╮              
                            │ opens a channel and an artifact folder                │              
                            │ ▌ name    ▏                                           │              
                            │   topic                                               │              
                            │   agents  scout (comma-separated)                     │              
                            │                                                       │              
                            │ agents are mentioned by id · tab field · enter create │              
                            ╰───────────────────────────────────────────────────────╯              
                   │                                                                              │
                   │                                                                              │
                   │                                                                              │
                   │                                                                              │
                   │                                                                              │
                   │                                                                              │
                   │                                                                              │
                   │                                                                              │
                   │                                                                              │
[ ] sections       │                                                                              │
                   ╰──────────────────────────────────────────────────────────────────────────────╯
