  SESSIONS         1╭─ › participants ─────────────────────────────────────────────────────────────╮
▌ PARTICIPANTS     2│ moderator: scout · floor: mason                                              │
  CANVAS            │ ▌   scout (moderator)                                                        │
  TRANSCRIPT        │   ● mason                                                                    │
                    │                                                                              │
                    │ f grant the floor · m set moderator · a invite · x remove                    │
                    │                                                                              │
                    │                                                                              │
                    │                                                                              │
                    │                                                                              │
                    │                                                                              │
                    │                                                                              │
                    │                                                                              │
                    │                                                                              │
                    │                                                                              │
                    │                                                                              │
                    │                                                                              │
                    │                                                                              │
                    │                                                                              │
                    │                                                                              │
                    │                                                                              │
                    │                                                                              │
                    │                                                                              │
                    │                                                                              │
                    │                                                                              │
                    │                                                                              │
                    │                                                                              │
                    │                                                                              │
                    │ f floor • m moderator • a invite • x remove                                  │
[ ] sections        ╰──────────────────────────────────────────────────────────────────────────────╯
