  SESSIONS         1╭─ › preview ──────────────────────────────────────────────────────────────────╮
  ARTIFACTS        1│ plan.md  (markdown)                                                          │
▌ PREVIEW           │                                                                              │
  CHAT              │    Ideation plan                                                             │
                    │                                                                              │
                    │   ## Goals                                                                   │
                    │                                                                              │
                    │   • alternatives                                                             │
                    │   • review loop                                                              │
                    │                                                                              │
                    │                                                                              │
                    │                                                                              │
                    │                                                                              │
                    │                                                                              │
                    │                                                                              │
                    │                                                                              │
                    │                                                                              │
                    │                                                                              │
                    │                                                                              │
                    │                                                                              │
                    │                                                                              │
                    │                                                                              │
                    │                                                                              │
                    │                                                                              │
                    │                                                                              │
                    │                                                                              │
                    │                                                                              │
                    │                                                                              │
                    │ ✓ session docs created  j/k scroll • esc back                                │
[ ] sections        ╰──────────────────────────────────────────────────────────────────────────────╯
