 SESSIONS          ╭─ › preview ─────────────────────────────────────────────────────────────────╮ 
 ARTIFACTS         │ plan.md  (markdown)                                                          │
▌ PREVIEW          │                                                                              │
 CHAT              │    Ideation plan                                                             │
                   │                                                                              │
                   │   ## Goals                                                                   │
                   │                                                                              │
                   │   • alternatives                                                             │
                   │   • review loop                                                              │
                   │                                                                              │
                   │                                                                              │
                   │                                                                              │
                   │                                                                              │
                   │                                                                              │
                   │                                                                              │
                   │                                                                              │
                   │                                                                              │
                   │                                                                              │
                   │                                                                              │
                   │                                                                              │
                   │                                                                              │
                   │                                                                              │
                   │                                                                              │
                   │                                                                              │
                   │                                                                              │
                   │                                                                              │
                   │                                                                              │
✓ session docs cre…│                                                                              │
[ ] sections       │                                                                              │
                   ╰──────────────────────────────────────────────────────────────────────────────╯
