  SESSIONS         1╭─ › artifacts ────────────────────────────────────────────────────────────────╮
▌ ARTIFACTS        1│ ▌ design.md                                         ○ draft                  │
  PREVIEW           │                                                                              │
  CHAT              │                                                                              │
                    │                                                                              │
                    │                                                                              │
                    │                                                                              │
                    │                                                                              │
                    │                                                                              │
                    │                                                                              │
                    │                                                                              │
                                  ╭─ › reject artifact ──────────────────────────────╮              
                                  │ routes back to the authoring agent               │              
                                  │ ▌ notes   ▏                                      │              
                                  │                                                  │              
                                  │ notes post to the session channel · enter reject │              
                                  ╰──────────────────────────────────────────────────╯              
                                                                                                    
                    │                                                                              │
                    │                                                                              │
                    │                                                                              │
                    │                                                                              │
                    │                                                                              │
                    │                                                                              │
                    │                                                                              │
                    │                                                                              │
                    │                                                                              │
                    │                                                                              │
                    │ enter preview • s scan • v reviewed • a approve • r reject                   │
[ ] sections        ╰──────────────────────────────────────────────────────────────────────────────╯
