▌ SESSIONS          ╭─ › sessions ─────────────────────────────────────────────────────────────────╮
  ARTIFACTS         │ (none — press n to start one)                                                │
  PREVIEW           │                                                                              │
  CHAT              │                                                                              │
                    │                                                                              │
                    │                                                                              │
                    │                                                                              │
                    │                                                                              │
                    │                                                                              │
                    │                                                                              │
                    │                                                                              │
                    │                                                                              │
                    │                                                                              │
                    │                                                                              │
                    │                                                                              │
                    │                                                                              │
                    │                                                                              │
                    │                                                                              │
                    │                                                                              │
                    │                                                                              │
                    │                                                                              │
                    │                                                                              │
                    │                                                                              │
                    │                                                                              │
                    │                                                                              │
                    │                                                                              │
                    │                                                                              │
                    │                                                                              │
                    │ n new • enter open • x remove                                                │
[ ] sections        ╰──────────────────────────────────────────────────────────────────────────────╯
