▌ SESSIONS         ╭─ › sessions ────────────────────────────────────────────────────────────────╮ 
 ARTIFACTS         │ ideation sessions n new · enter open · x remove                              │
 PREVIEW           │ (none — press n to start one)                                                │
 CHAT              │                                                                              │
                   │                                                                              │
                   │                                                                              │
                   │                                                                              │
                   │                                                                              │
                   │                                                                              │
                   │                                                                              │
                   │                                                                              │
                   │                                                                              │
                   │                                                                              │
                   │                                                                              │
                   │                                                                              │
                   │                                                                              │
                   │                                                                              │
                   │                                                                              │
                   │                                                                              │
                   │                                                                              │
                   │                                                                              │
                   │                                                                              │
                   │                                                                              │
                   │                                                                              │
                   │                                                                              │
                   │                                                                              │
                   │                                                                              │
                   │                                                                              │
[ ] sections       │                                                                              │
                   ╰──────────────────────────────────────────────────────────────────────────────╯
