▌ SESSIONS         2╭─ › sessions ─────────────────────────────────────────────────────────────────╮
  PARTICIPANTS      │ ▌ propose Deep dive                 [breakout] by mason                      │
  CANVAS            │       a accept · x decline · does not open until you accept                  │
  TRANSCRIPT        │   payment-retries            group  idempotency strategy                     │
                    │   #ideation-payment-retries · floor you · 2 agent(s)                         │
                    │ ──────────────────────────────────────────────────────────────────────────── │
                    │                                                                              │
                    │                                                                              │
                    │                                                                              │
                    │                                                                              │
                    │                                                                              │
                    │                                                                              │
                    │                                                                              │
                    │                                                                              │
                    │                                                                              │
                    │                                                                              │
                    │                                                                              │
                    │                                                                              │
                    │                                                                              │
                    │                                                                              │
                    │                                                                              │
                    │                                                                              │
                    │                                                                              │
                    │                                                                              │
                    │                                                                              │
                    │                                                                              │
                    │                                                                              │
                    │                                                                              │
                    │ n new • b breakout • enter open • a/x proposals • x remove                   │
                    ╰──────────────────────────────────────────────────────────────────────────────╯
