









                 DHI setup
                 ◐ welcome › ○ workspace › ○ identity › ○ conventions › ○ done
                 
                 ██████╗ ██╗  ██╗██╗
                 ██╔══██╗██║  ██║██║
                 ██║  ██║███████║██║
                 ██║  ██║██╔══██║██║
                 ██████╔╝██║  ██║██║
                 ╚═════╝ ╚═╝  ╚═╝╚═╝
                 
                 the agentic workspace IDE
                 v9.9.9
                 
                 Welcome. Let's get DHI ready — about a minute.
                 
                 We'll check your workspace, your git identity and your team's
                 conventions. Everything has a sensible default: skip any step and
                 change it later from Settings or the command palette (ctrl+p).
                 
                 enter continue · esc skip step · ctrl+x skip setup
