














                  DHI setup
                  ✓ welcome › – workspace › ◐ identity › ○ conventions › ○ done
                  
                  ✓ git identity found
                    Ada <ada@example.com>
                  
                  Commits made by you and your agents carry this author.
                  
                  enter continue · esc skip step · ctrl+b back · ctrl+x skip setup
