













              DHI setup
              ✓ welcome › – workspace › ✓ identity › ✓ conventions › ◐ done
              
              ◇ You're set up.
              
              Nothing needed changing.
              
              Press enter to start.
              Re-run any time: ctrl+p → Run setup wizard · lessons: ctrl+p → Tutorial.
              
              enter continue · esc skip step · ctrl+b back · ctrl+x skip setup
