 REVIEWS           ╭─ › diff ────────────────────────────────────────────────────────────────────╮ 
 FILES             │ ▌main.go  +2 -1                                                              │
▌ DIFF             │  @@ -1,4 +1,5 @@ package main                                                │
                   │      1     1   func main() {                                                 │
                   │      2       -     println("hi")                                             │
                   │            2 +     println("hello")                                          │
                   │            3 +     println("world")                                          │
                   │      3     4   }                                                             │
                   │  util/util.go  +2 -0                                                         │
                   │  @@ -0,0 +1,2 @@                                                             │
                   │            1 + package util                                                  │
                   │            2 +                                                               │
                   │                                                                              │
                   │                                                                              │
                   │                                                                              │
                   │                                                                              │
                   │                                                                              │
                   │                                                                              │
                   │                                                                              │
                   │                                                                              │
                   │                                                                              │
                   │                                                                              │
                   │                                                                              │
                   │                                                                              │
                   │                                                                              │
                   │                                                                              │
                   │                                                                              │
                   │                                                                              │
[ ] sections       │                                                                              │
                   ╰──────────────────────────────────────────────────────────────────────────────╯
