 REVIEWS           ╭─ › files ───────────────────────────────────────────────────────────────────╮ 
▌ FILES            │ changed files         enter diff · v mark viewed                             │
 DIFF              │ api-branch-master  master...master                                           │
                   │ ▌  main.go                                                     +2 -1         │
                   │    util/util.go                                                +2 -0         │
                   │                                                                              │
                   │                                                                              │
                   │                                                                              │
                   │                                                                              │
                   │                                                                              │
                   │                                                                              │
                   │                                                                              │
                   │                                                                              │
                   │                                                                              │
                   │                                                                              │
                   │                                                                              │
                   │                                                                              │
                   │                                                                              │
                   │                                                                              │
                   │                                                                              │
                   │                                                                              │
                   │                                                                              │
                   │                                                                              │
                   │                                                                              │
                   │                                                                              │
                   │                                                                              │
                   │                                                                              │
                   │                                                                              │
[ ] sections       │                                                                              │
                   ╰──────────────────────────────────────────────────────────────────────────────╯
