  REVIEWS          1╭─ › files ────────────────────────────────────────────────────────────────────╮
▌ FILES            2│ api-branch-master  master...master                                           │
  DIFF            11│ ▌  main.go                                                 +2 -1             │
                    │    util/util.go                                            +2 -0             │
                    │                                                                              │
                    │                                                                              │
                    │                                                                              │
                    │                                                                              │
                    │                                                                              │
                    │                                                                              │
                    │                                                                              │
                    │                                                                              │
                    │                                                                              │
                    │                                                                              │
                    │                                                                              │
                    │                                                                              │
                    │                                                                              │
                    │                                                                              │
                    │                                                                              │
                    │                                                                              │
                    │                                                                              │
                    │                                                                              │
                    │                                                                              │
                    │                                                                              │
                    │                                                                              │
                    │                                                                              │
                    │                                                                              │
                    │                                                                              │
                    │ enter diff • v viewed • A agent review                                       │
[ ] sections        ╰──────────────────────────────────────────────────────────────────────────────╯
