▌ REVIEWS           ╭─ › reviews ──────────────────────────────────────────────────────────────────╮
  FILES             │                                                                              │
  DIFF              │                                                                              │
                    │                                                                              │
                    │                                                                              │
                    │                                                                              │
                    │                                                                              │
                    │                                    ✦                                         │
                    │                              No reviews yet                                  │
                    │                                                                              │
                          ╭─ › new review ───────────────────────────────────────────────────╮      
                          │ ▌ member  api▏                                                   │      
                          │   kind    < branch >                                             │      
                          │       ←/→ switches kind                                          │      
                          │   base    main                                                   │      
                          │   head/#                                                         │      
                          │                                                                  │      
                          │ member repo · kind ←/→ · base ref · head branch/sha or PR number │      
                          ╰──────────────────────────────────────────────────────────────────╯      
                                                                                                    
                    │                                                                              │
                    │                                                                              │
                    │                                                                              │
                    │                                                                              │
                    │                                                                              │
                    │                                                                              │
                    │                                                                              │
                    │                                                                              │
                    │ n new • enter open • S submit review • F fixer                               │
[ ] sections        ╰──────────────────────────────────────────────────────────────────────────────╯
