▌ REVIEWS           ╭─ › reviews ──────────────────────────────────────────────────────────────────╮
  FILES             │ (none — press n to start one)                                                │
  DIFF              │                                                                              │
                    │                                                                              │
                    │                                                                              │
                    │                                                                              │
                    │                                                                              │
                    │                                                                              │
                    │                                                                              │
                    │                                                                              │
                    │                                                                              │
                    │                                                                              │
                    │                                                                              │
                    │                                                                              │
                    │                                                                              │
                    │                                                                              │
                    │                                                                              │
                    │                                                                              │
                    │                                                                              │
                    │                                                                              │
                    │                                                                              │
                    │                                                                              │
                    │                                                                              │
                    │                                                                              │
                    │                                                                              │
                    │                                                                              │
                    │                                                                              │
                    │                                                                              │
                    │ n new • enter open • s submit • P post • F fixer                             │
[ ] sections        ╰──────────────────────────────────────────────────────────────────────────────╯
