▌ REVIEWS           ╭─ › reviews ──────────────────────────────────────────────────────────────────╮
  FILES             │                                                                              │
  DIFF              │                                                                              │
                    │                                                                              │
                    │                                                                              │
                    │                                                                              │
                    │                                                                              │
                    │                                    ✦                                         │
                    │                              No reviews yet                                  │
                    │                                                                              │
                    │         A review is a diff of a branch, worktree or pull request             │
                    │         with threaded comments you and your agents can resolve.              │
                    │                                                                              │
                    │                           press n to start one                               │
                    │                                                                              │
                    │                                                                              │
                    │                                                                              │
                    │                                                                              │
                    │                                                                              │
                    │                                                                              │
                    │                                                                              │
                    │                                                                              │
                    │                                                                              │
                    │                                                                              │
                    │                                                                              │
                    │                                                                              │
                    │                                                                              │
                    │                                                                              │
                    │ n new • enter open • S submit review • F fixer                               │
[ ] sections        ╰──────────────────────────────────────────────────────────────────────────────╯
