 REVIEWS           ╭─ › diff ────────────────────────────────────────────────────────────────────╮ 
 FILES             │ threads — main.go     a reply · e edit · x delete · r resolve · esc back     │
▌ DIFF             │ 1 pending — submit from REVIEWS with s                                       │
                   │ ▌ #1 main.go:1n                                                              │
                   │   ● you why here?                                                            │
                   │                                                                              │
                   │                                                                              │
                   │                                                                              │
                   │                                                                              │
                   │                                                                              │
                   │                                                                              │
                   │                                                                              │
                   │                                                                              │
                   │                                                                              │
                   │                                                                              │
                   │                                                                              │
                   │                                                                              │
                   │                                                                              │
                   │                                                                              │
                   │                                                                              │
                   │                                                                              │
                   │                                                                              │
                   │                                                                              │
                   │                                                                              │
                   │                                                                              │
                   │                                                                              │
                   │                                                                              │
                   │                                                                              │
[ ] sections       │                                                                              │
                   ╰──────────────────────────────────────────────────────────────────────────────╯
