  REVIEWS          1╭─ › diff ─────────────────────────────────────────────────────────────────────╮
  FILES            2│ threads — main.go   a reply · y accept · e edit · x drop · r resolve · esc   │
▌ DIFF            11│ 1 pending draft(s) — send them as one review with S                          │
                    │ ▌ #1 main.go:1n                                                              │
                    │   ● you why here?                                                            │
                    │                                                                              │
                    │                                                                              │
                    │                                                                              │
                    │                                                                              │
                    │                                                                              │
                    │                                                                              │
                    │                                                                              │
                    │                                                                              │
                    │                                                                              │
                    │                                                                              │
                    │                                                                              │
                    │                                                                              │
                    │                                                                              │
                    │                                                                              │
                    │                                                                              │
                    │                                                                              │
                    │                                                                              │
                    │                                                                              │
                    │                                                                              │
                    │                                                                              │
                    │                                                                              │
                    │                                                                              │
                    │                                                                              │
                    │ c comment • t threads • S submit • T transcript • \ split • n/p file         │
                    ╰──────────────────────────────────────────────────────────────────────────────╯
