  INBOX                  5╭─ › channels ─────────────────────────────────────────────────────────────────────╮
  BOARD                  2│ [#general ●2]                                                                    │
▌ CHANNELS               1│ ────────────────────────────────────────────────────────                         │
  REPOS                  2│ #general                                                                         │
                          │ ▌ scout @you needs a decision on the plan                                        │
                          │   muse @you second decision                                                      │
                          │                                                                                  │
                          │ i compose • j/k select • t thread • c all • ,/. channel                          │
                          │                                                                                  │
                          │                                                                                  │
                          │                                                                                  │
                          │                                                                                  │
                          │                                                                                  │
                          │                                                                                  │
                          │                                                                                  │
                          │                                                                                  │
                          │                                                                                  │
                          │                                                                                  │
                          │                                                                                  │
                          │                                                                                  │
                          │                                                                                  │
                          │                                                                                  │
                          │                                                                                  │
                          │                                                                                  │
                          │                                                                                  │
                          │                                                                                  │
                          │                                                                                  │
                          │                                                                                  │
                          │                                                                                  │
                          │                                                                                  │
                          │                                                                                  │
                          │                                                                                  │
                          │ i compose • t thread • v profile • ,/. channel                                   │
[ ] sections              ╰──────────────────────────────────────────────────────────────────────────────────╯
