 CHANNELS          #general                                                                                   
 DIRECT MESSAGES   ▌ you please review the login flow                                                         
 #general            scout @you summary posted to the board card                                              
 #frontend                                                                                                    
 dm:scout          i compose • j/k select • t thread • v profile • tab rail                                   
                                                                                                              
                                                                                                              
                                                                                                              
                                                                                                              
                                                                                                              
                                                                                                              
                                                                                                              
                                                                                                              
                                                                                                              
                                                                                                              
                                                                                                              
                                                                                                              
                                                                                                              
                                                                                                              
                                                                                                              
                                                                                                              
                                                                                                              
