  MEMBERS           2   ╭─ › autopilots ──────────────────────────────────────────────────────────────────╮ 
  ORG               0   │ autopilots      n new · e arm/pause · r run now · x remove · o last transcript   │
  PACKS             0   │   name                agent       schedule                    next-due        la │
  STANDARDS         1   │ ▌ Friday audit        bob         paused weekly fri 17:00     Fri 17:00       -  │
  CHANNELS          0   │   Morning standup     alice       daily 09:00                 due             ra │
  TASKS             0   │                                                                                  │
  INSPECT           2   │                                                                                  │
▌ AUTOPILOTS        2   │                                                                                  │
  INBOX             0   │                                                                                  │
                        │                                                                                  │
                        │                                                                                  │
                        │                                                                                  │
                        │                                                                                  │
                        │                                                                                  │
                        │                                                                                  │
                        │                                                                                  │
                        │                                                                                  │
                        │                                                                                  │
                        │                                                                                  │
                        │                                                                                  │
                        │                                                                                  │
                        │                                                                                  │
                        │                                                                                  │
                        │                                                                                  │
                        │                                                                                  │
                        │                                                                                  │
                        │                                                                                  │
                        │                                                                                  │
                        │                                                                                  │
                        │                                                                                  │
                        │                                                                                  │
                        │                                                                                  │
[ ] sections            │                                                                                  │
                        ╰──────────────────────────────────────────────────────────────────────────────────╯
