  MEMBERS           2   ╭─ › autopilots ──────────────────────────────────────────────────────────────────╮ 
  ORG               0   │ autopilots      n new · e arm/pause · r run now · x remove · o last transcript   │
  PACKS             0   │ (no autopilots — "n" to schedule one)                                            │
  STANDARDS         1   │                                                                                  │
  CHANNELS          0   │                                                                                  │
  TASKS             0   │                                                                                  │
  INSPECT           2   │                                                                                  │
▌ AUTOPILOTS        0   │                                                                                  │
                        │                                                                                  │
                        │                                                                                  │
                        │                                                                                  │
                        │                                                                                  │
                        │                                                                                  │
                        │                                                                                  │
                        │                                                                                  │
                        │                                                                                  │
                        │                                                                                  │
                        │                                                                                  │
                        │                                                                                  │
                        │                                                                                  │
                        │                                                                                  │
                        │                                                                                  │
                        │                                                                                  │
                        │                                                                                  │
                        │                                                                                  │
                        │                                                                                  │
                        │                                                                                  │
                        │                                                                                  │
                        │                                                                                  │
                        │                                                                                  │
                        │                                                                                  │
                        │                                                                                  │
[ ] sections            │                                                                                  │
                        ╰──────────────────────────────────────────────────────────────────────────────────╯
