[INBOX] · BOARD · CHANNELS · REPOS
▌ ◆ approve scout: write
  .dhi/tasks/x/y.md
 ✗ run failed fix-login (alice) —
  timeout after 10.0m
 ✓ in review ship-docs — scout, 1
  runs · cost partial
 @ #general scout: "@you needs a
  decision on the plan"
enter/o jump • z snooze • u unsnooze                            
