 CHANNELS          #general                                                                                   
 DIRECT MESSAGES   ── Sat Sep 19 ──────────────────────────────────────────────                               
 #general          ▌ you   10:00  please review the login flow                   ◇ no thread open             
 #frontend         scout   10:00  @you summary posted to the board card            t thread · v profile       
 dm:scout                                                                                                     
                    >   (i to type)                                                                           
                                                                                                              
                                                                                                              
                                                                                                              
                                                                                                              
                                                                                                              
                                                                                                              
                                                                                                              
                                                                                                              
                                                                                                              
                                                                                                              
                                                                                                              
                                                                                                              
                                                                                                              
                                                                                                              
                                                                                                              
                                                                                                              
