 CHANNELS          #general  · thread #1                                         thread #1                    
 DIRECT MESSAGES   ── Sat Sep 19 ──                                                                           
 #general          ▌ you   10:00  please review the login flow                   you please review the        
 #frontend         scout   10:00  @you summary posted to the board card              login flow               
 dm:scout          you     10:00  please review the login flow                   scout ↳ on it — found a      
                                                                                     race in the token        
                   >   (i to type)                                                   refresh                  
                                                                                                              
                                                                                                              
                                                                                                              
                                                                                                              
                                                                                                              
                                                                                                              
                                                                                                              
                                                                                                              
                                                                                                              
                                                                                                              
                                                                                                              
                                                                                                              
                                                                                                              
                                                                                                              
                                                                                                              
