 CHANNELS          #general  · thread #1                                         thread #1                    
 DIRECT MESSAGES   ▌ you please review the login flow                                                         
 #general            scout @you summary posted to the board card                 you please review the        
 #frontend           you please review the login flow                                login flow               
 dm:scout                                                                        scout ↳ on it — found a      
                   i reply in thread · esc closes pane                               race in the token        
                                                                                     refresh                  
                                                                                                              
                                                                                 i reply · esc close          
                                                                                                              
                                                                                                              
                                                                                                              
                                                                                                              
                                                                                                              
                                                                                                              
                                                                                                              
                                                                                                              
                                                                                                              
                                                                                                              
                                                                                                              
                                                                                                              
                                                                                                              
