 CHANNELS          #general                                                                                   
 DIRECT MESSAGES   ▌ you please review the login flow                                                         
 #general            scout @you summary posted to the board card                                              
 #frontend                                                                                                    
 dm:scout                                                                                                     
                                                                                                              
                                                                                                              
                                                                                                              
                                                                                                              
                                                                                                              
                                                                                                              
                                                                                                              
                                                                                                              
                                                                                                              
                                                                                                              
                                                                                                              
                                                                                                              
                                                                                                              
                                                                                                              
                                                                                                              
                                                                                                              
                                                                                                              
