  INBOX      0            ╭─ › board ────────────────────────────────────────────────────────────────────────╮
▌ BOARD             1     │ replay run-replay-test · cli:claude/opus · ok · 1.2s · $0.42      j/k scroll · g │
  CHANNELS   0            │ inspecting the login flow                                                        │
  REPOS      2            │ ❯ git status                                                                     │
                          │ ❯ cd repos/alpha && go test ./...                                                │
                          │ compile error: undefined: x                                                      │
                          │ applying the fix                                                                 │
                          │ ▸ done · 1.2s · 1.5k in / 0.4k out · $0.42                                       │
                          │                                                                                  │
                          │                                                                                  │
                          │                                                                                  │
                          │                                                                                  │
                          │                                                                                  │
                          │                                                                                  │
                          │                                                                                  │
                          │                                                                                  │
                          │                                                                                  │
                          │                                                                                  │
                          │                                                                                  │
                          │                                                                                  │
                          │                                                                                  │
                          │                                                                                  │
                          │                                                                                  │
                          │                                                                                  │
                          │                                                                                  │
                          │                                                                                  │
                          │                                                                                  │
                          │                                                                                  │
                          │                                                                                  │
                          │                                                                                  │
                          │                                                                                  │
                          │                                                                                  │
[ ] sections              │                                                                                  │
                          ╰──────────────────────────────────────────────────────────────────────────────────╯
