[INBOX] · BOARD · CHANNELS · REPOS
▌ ◆ approve scout: write .dhi/tasks/x/y.md
 ✗ run failed fix-login (alice) — timeout after       now
  10.0m
 ✓ in review ship-docs — scout, 1 runs · cost         now
  partial
 @ #general scout: "@you needs a decision on the      now
  plan"
enter/o jump • z snooze • u unsnooze                            
