▌ INBOX                   ╭─ › inbox ────────────────────────────────────────────────────────────────────────╮
  BOARD                   │ (nothing needs attention)                                                        │
  CHANNELS                │                                                                                  │
  REPOS                  2│                                                                                  │
                          │                                                                                  │
                          │                                                                                  │
                          │                                                                                  │
                          │                                                                                  │
                          │                                                                                  │
                          │                                                                                  │
                          │                                                                                  │
                          │                                                                                  │
                          │                                                                                  │
                          │                                                                                  │
                          │                                                                                  │
                          │                                                                                  │
                          │                                                                                  │
                          │                                                                                  │
                          │                                                                                  │
                          │                                                                                  │
                          │                                                                                  │
                          │                                                                                  │
                          │                                                                                  │
                          │                                                                                  │
                          │                                                                                  │
                          │                                                                                  │
                          │                                                                                  │
                          │                                                                                  │
                          │                                                                                  │
                          │                                                                                  │
                          │                                                                                  │
                          │                                                                                  │
                          │ enter/o jump • z snooze • u unsnooze                                             │
[ ] sections              ╰──────────────────────────────────────────────────────────────────────────────────╯
