[INBOX] · BOARD · CHANNELS · REPOS
╭─ › inbox ────────────────────────────────────────────────────╮
│ ▌ ◆ approve scout: write .dhi/tasks/x/y.md                   │
│  ✗ run failed fix-login (alice) — timeout after 10.0m   now  │
│  ✓ in review ship-docs — scout, 1 run · cost partial    now  │
│  @ #general scout: "@you needs a decision on the plan"  now  │
│                                                              │
│                                                              │
│                                                              │
│                                                              │
│                                                              │
│                                                              │
│                                                              │
│                                                              │
│                                                              │
│                                                              │
│                                                              │
│                                                              │
│                                                              │
│                                                              │
│                                                              │
│                                                              │
│ enter/o jump • z snooze • u unsnooze                         │
╰──────────────────────────────────────────────────────────────╯
