▌ INBOX             0   ╭─ › inbox ────────────────────────────────────────────────────────────────────────╮
  BOARD             0   │ inbox — everything that needs you   enter/o jump · z snooze · u unsnooze         │
  CHANNELS          0   │ (nothing needs attention)                                                        │
  REPOS             2   │                                                                                  │
                        │                                                                                  │
                        │                                                                                  │
                        │                                                                                  │
                        │                                                                                  │
                        │                                                                                  │
                        │                                                                                  │
                        │                                                                                  │
                        │                                                                                  │
                        │                                                                                  │
                        │                                                                                  │
                        │                                                                                  │
                        │                                                                                  │
                        │                                                                                  │
                        │                                                                                  │
                        │                                                                                  │
                        │                                                                                  │
                        │                                                                                  │
                        │                                                                                  │
                        │                                                                                  │
                        │                                                                                  │
                        │                                                                                  │
                        │                                                                                  │
                        │                                                                                  │
                        │                                                                                  │
                        │                                                                                  │
                        │                                                                                  │
                        │                                                                                  │
                        │                                                                                  │
[ ] sections            │                                                                                  │
                        ╰──────────────────────────────────────────────────────────────────────────────────╯
