▌ INBOX                  0╭─ › inbox ────────────────────────────────────────────────────────────────────────╮
  BOARD                  0│ (nothing needs attention)                                                        │
  CHANNELS               0│                                                                                  │
  REPOS                  2│                                                                                  │
                          │                                                                                  │
                          │                                                                                  │
                          │                                                                                  │
                          │                                                                                  │
                          │                                                                                  │
                          │                                                                                  │
                          │                                                                                  │
                          │                                                                                  │
                          │                                                                                  │
                          │                                                                                  │
                          │                                                                                  │
                          │                                                                                  │
                          │                                                                                  │
                          │                                                                                  │
                          │                                                                                  │
                          │                                                                                  │
                          │                                                                                  │
                          │                                                                                  │
                          │                                                                                  │
                          │                                                                                  │
                          │                                                                                  │
                          │                                                                                  │
                          │                                                                                  │
                          │                                                                                  │
                          │                                                                                  │
                          │                                                                                  │
                          │                                                                                  │
                          │                                                                                  │
                          │ enter/o jump • z snooze • u unsnooze                                             │
[ ] sections              ╰──────────────────────────────────────────────────────────────────────────────────╯
