  INBOX                  5╭─ › channels ─────────────────────────────────────────────────────────────────────╮
  BOARD                  2│ [#general ●2]                                                                    │
▌ CHANNELS               1│ ────────────────────────────────────────────────────────                         │
  REPOS                  2│ #general                                                                         │
                          │ ── Sat Sep 19 ──                                                                 │
                          │ ▌ scout 10:00  @you needs a decision on the plan                                 │
                          │ muse    10:00  @you second decision                                              │
                          │                                                                                  │
                          │ >   (i to type)                                                                  │
                          │                                                                                  │
                          │                                                                                  │
                          │                                                                                  │
                          │                                                                                  │
                          │                                                                                  │
                          │                                                                                  │
                          │                                                                                  │
                          │                                                                                  │
                          │                                                                                  │
                          │                                                                                  │
                          │                                                                                  │
                          │                                                                                  │
                          │                                                                                  │
                          │                                                                                  │
                          │                                                                                  │
                          │                                                                                  │
                          │                                                                                  │
                          │                                                                                  │
                          │                                                                                  │
                          │                                                                                  │
                          │                                                                                  │
                          │                                                                                  │
                          │                                                                                  │
                          │ i compose • j/k select • t thread • v profile • ,/. channel                      │
[ ] sections              ╰──────────────────────────────────────────────────────────────────────────────────╯
